I"m a log
please see you again
I'm happy to see you
enheng are  you ok
2second modifty
3third compare
my lst edit!

my 2two edit!
3 changed deit!
